============================= test session starts =============================
platform win32 -- Python 3.13.5, pytest-8.4.2, pluggy-1.6.0
django: version: 5.2.6, settings: noesis2.settings.development (from ini)
rootdir: F:\NOESIS-2\NOESIS-2
configfile: pytest.ini
plugins: anyio-4.11.0, Faker-37.8.0, cov-7.0.0, django-4.11.1, factoryboy-2.8.1, xdist-3.8.0
collected 0 items / 1 error

=================================== ERRORS ====================================
____________ ERROR collecting documents/graph/tests/test_graph.py _____________
ImportError while importing test module 'F:\NOESIS-2\NOESIS-2\documents\graph\tests\test_graph.py'.
Hint: make sure your test modules/packages have valid Python names.
Traceback:
C:\Python313\Lib\importlib\__init__.py:88: in import_module
    return _bootstrap._gcd_import(name[level:], package, level)
           ^^^^^^^^^^^^^^^^^^^^^^^^^^^^^^^^^^^^^^^^^^^^^^^^^^^^
documents\graph\tests\test_graph.py:6: in <module>
    from documents.graph.workflow import ingestion_graph
documents\graph\workflow.py:1: in <module>
    from langgraph.graph import StateGraph, END
E   ModuleNotFoundError: No module named 'langgraph'
------------------------------- Captured stderr -------------------------------
{"event": "pikepdf C++ to Python logger bridge initialized", "service.name": "noesis2", "service.version": "unknown", "deployment.environment": "unknown", "level": "info", "timestamp": "2025-12-05T16:47:24.308426Z", "trace_id": null, "span_id": null, "case_id": null, "tenant_id": null}
{"service.name": "noesis2", "service.version": "unknown", "deployment.environment": "unknown", "trace_id": "", "span_id": "", "case_id": null, "tenant_id": null, "workflow_id": null, "run_id": null, "ingestion_run_id": null, "collection_id": null, "document_id": null, "document_version_id": null, "module": "ai_core.rag.vector_client", "path": "F:\\NOESIS-2\\NOESIS-2\\ai_core\\rag\\vector_client.py", "event": "module_loaded", "level": "info", "timestamp": "2025-12-05T16:47:28.916454Z"}
============================== warnings summary ===============================
<frozen importlib._bootstrap>:488
<frozen importlib._bootstrap>:488
  <frozen importlib._bootstrap>:488: DeprecationWarning: builtin type SwigPyPacked has no __module__ attribute

<frozen importlib._bootstrap>:488
<frozen importlib._bootstrap>:488
  <frozen importlib._bootstrap>:488: DeprecationWarning: builtin type SwigPyObject has no __module__ attribute

<frozen importlib._bootstrap>:488
  <frozen importlib._bootstrap>:488: DeprecationWarning: builtin type swigvarlink has no __module__ attribute

-- Docs: https://docs.pytest.org/en/stable/how-to/capture-warnings.html
=========================== short test summary info ===========================
ERROR documents/graph/tests/test_graph.py
!!!!!!!!!!!!!!!!!!! Interrupted: 1 error during collection !!!!!!!!!!!!!!!!!!!!
======================== 5 warnings, 1 error in 0.96s =========================
