// Vitest Snapshot v1, https://vitest.dev/guide/snapshot.html

exports[`Dashboard > matches snapshot and is accessible 1`] = `
<div>
  <div
    class="flex flex-col gap-8"
  >
    <section
      aria-label="KPI cards"
    >
      <div
        class="grid gap-4 sm:grid-cols-2 lg:grid-cols-4"
      >
        <div
          class="rounded-2xl border border-muted bg-bg p-6 shadow flex flex-col"
        >
          <span
            class="text-sm text-muted"
          >
            Users
          </span>
          <span
            class="text-2xl font-semibold"
          >
            1.2k
          </span>
        </div>
        <div
          class="rounded-2xl border border-muted bg-bg p-6 shadow flex flex-col"
        >
          <span
            class="text-sm text-muted"
          >
            Sessions
          </span>
          <span
            class="text-2xl font-semibold"
          >
            3.4k
          </span>
        </div>
        <div
          class="rounded-2xl border border-muted bg-bg p-6 shadow flex flex-col"
        >
          <span
            class="text-sm text-muted"
          >
            Errors
          </span>
          <span
            class="text-2xl font-semibold"
          >
            23
          </span>
        </div>
        <div
          class="rounded-2xl border border-muted bg-bg p-6 shadow flex flex-col"
        >
          <span
            class="text-sm text-muted"
          >
            Uptime
          </span>
          <span
            class="text-2xl font-semibold"
          >
            99.9%
          </span>
        </div>
      </div>
    </section>
    <section
      class="grid gap-8 lg:grid-cols-2"
    >
      <div
        class="rounded-2xl border border-muted bg-bg p-6 shadow"
      >
        <h2
          class="mb-4 text-lg font-semibold"
        >
          Recent Activity
        </h2>
        <ul
          class="space-y-4"
        >
          <li
            class="flex items-center gap-2"
          >
            <span
              aria-hidden="true"
              class="inline-block h-2 w-2 rounded-full bg-accent"
            />
            <span
              class="text-sm text-fg"
            >
              User signed up
            </span>
          </li>
          <li
            class="flex items-center gap-2"
          >
            <span
              aria-hidden="true"
              class="inline-block h-2 w-2 rounded-full bg-muted"
            />
            <span
              class="text-sm text-fg"
            >
              Server restarted
            </span>
          </li>
        </ul>
      </div>
      <div
        class="rounded-2xl border border-muted bg-bg p-6 shadow"
      >
        <h2
          class="mb-4 text-lg font-semibold"
        >
          Quick Links
        </h2>
        <ul
          class="space-y-2"
        >
          <li>
            <a
              class="text-sm text-accent hover:underline focus:underline"
              href="#"
            >
              Projects
            </a>
          </li>
          <li>
            <a
              class="text-sm text-accent hover:underline focus:underline"
              href="#"
            >
              Documents
            </a>
          </li>
        </ul>
      </div>
    </section>
  </div>
</div>
`;
